{"level":"info","ts":1705765710.39108,"caller":"controller/test_controller.go:58","msg":"header ip:123.123.123customer header:123.123.123"}
